// Jest Snapshot v1, https://goo.gl/fbAQLP

exports[`Filtered roots Guest 1`] = `
type Query {
  hello: String!
}

`;

exports[`Filtered roots User 1`] = `
enum Role {
  USER
  GUEST
}

type Query {
  hello: String!
}

type Mutation {
  mutate: String!
}

type Subscription {
  subscribe: Int!
}

`;
