// Jest Snapshot v1, https://goo.gl/fbAQLP

exports[`Filtered roots Guest 1`] = `
"type Query {
  hello: String!
}
"
`;

exports[`Filtered roots User 1`] = `
"type Mutation {
  mutate: String!
}

type Query {
  hello: String!
}

enum Role {
  USER
  GUEST
}

type Subscription {
  subscribe: Int!
}
"
`;
