// Jest Snapshot v1, https://goo.gl/fbAQLP

exports[`Skip hooks for query callback 1`] = `
"type Query {
  hello: String!
}
"
`;

exports[`Skip hooks for query callback 2`] = `
"directive @auth(requires: Role = USER) on OBJECT | FIELD_DEFINITION | ENUM | ENUM_VALUE | INTERFACE | UNION | INPUT_OBJECT | INPUT_FIELD_DEFINITION | ARGUMENT_DEFINITION

type Mutation {
  mutate: String!
}

type Query {
  hello: String!
}

enum Role {
  USER
  GUEST
}

type Subscription {
  subscribe: Int!
}
"
`;

exports[`Skip hooks for query countdown = 0 1`] = `
"type Query {
  hello: String!
}
"
`;

exports[`Skip hooks for query countdown > 0 1`] = `
"directive @auth(requires: Role = USER) on OBJECT | FIELD_DEFINITION | ENUM | ENUM_VALUE | INTERFACE | UNION | INPUT_OBJECT | INPUT_FIELD_DEFINITION | ARGUMENT_DEFINITION

type Mutation {
  mutate: String!
}

type Query {
  hello: String!
}

enum Role {
  USER
  GUEST
}

type Subscription {
  subscribe: Int!
}
"
`;

exports[`Skip hooks for query countdown > 0 2`] = `
"directive @auth(requires: Role = USER) on OBJECT | FIELD_DEFINITION | ENUM | ENUM_VALUE | INTERFACE | UNION | INPUT_OBJECT | INPUT_FIELD_DEFINITION | ARGUMENT_DEFINITION

type Mutation {
  mutate: String!
}

type Query {
  hello: String!
}

enum Role {
  USER
  GUEST
}

type Subscription {
  subscribe: Int!
}
"
`;

exports[`Skip hooks for query countdown > 0 3`] = `
"type Query {
  hello: String!
}
"
`;

exports[`Skip hooks for query countdown > 0 4`] = `
"type Query {
  hello: String!
}
"
`;

exports[`Skip hooks for query empty (default) 1`] = `
"type Query {
  hello: String!
}
"
`;
